XYZ (hex) is invalid and 102 (bin) too, but 1A (hex) works fine.